// Jest Snapshot v1, https://goo.gl/fbAQLP

exports[`MyEmail Component renders correct content 1`] = `
<div>
  <a
    class="flex justify-center items-center px-2 group"
    data-testid="my-email"
    href="mailto:prabhatpal.14@gmail.com"
  >
    <span
      class="brand-icon-email mr-1 group-hover:text-primary-600 group-focus:text-primary-600"
    />
    prabhatpal.14@gmail.com
  </a>
</div>
`;
